ip: 127.0.0.1, port: 29501, hosts: 1, rank: 0, local_rank: 0, gpus: 1
init_process_group finished
Args in experiment:
>>>>>>>start training : long_term_forecast_SEMPO_CI_ftM_sl512_ll48_pl336_pl64_dm256_nh2_el3_dl3_df128_fc1_ebtimeF_dtTrue_0>>>>>>>>>>>>>>>>>>>>>>>>>>
train 497
val 17815
test 17815
Model parameters:  4070979
	iters: 0, epoch: 1 | loss: 1.5763299 | cost_time: 1 | memory: allocated 250MB, reserved 326MB, cached 326MB 
Epoch: 1 cost time: 0.9457125663757324
Epoch: 1, Steps: 3 | Train Loss: 1.4888139 Vali Loss: 3.2911398 Test Loss: 1.7731836
Validation loss decreased (inf --> 3.291140).  Saving model ...
	iters: 0, epoch: 2 | loss: 1.3974695 | cost_time: 7 | memory: allocated 275MB, reserved 350MB, cached 350MB 
Epoch: 2 cost time: 0.15442895889282227
Epoch: 2, Steps: 3 | Train Loss: 1.3247368 Vali Loss: 3.2076220 Test Loss: 1.7319170
Validation loss decreased (3.291140 --> 3.207622).  Saving model ...
	iters: 0, epoch: 3 | loss: 1.2576036 | cost_time: 4 | memory: allocated 275MB, reserved 350MB, cached 350MB 
Epoch: 3 cost time: 0.13343572616577148
Epoch: 3, Steps: 3 | Train Loss: 1.1949997 Vali Loss: 3.1711347 Test Loss: 1.7102164
Validation loss decreased (3.207622 --> 3.171135).  Saving model ...
	iters: 0, epoch: 4 | loss: 1.1486278 | cost_time: 4 | memory: allocated 275MB, reserved 350MB, cached 350MB 
Epoch: 4 cost time: 0.1484239101409912
Epoch: 4, Steps: 3 | Train Loss: 1.0890203 Vali Loss: 3.1748226 Test Loss: 1.7069990
EarlyStopping counter: 1 out of 6
	iters: 0, epoch: 5 | loss: 1.0556095 | cost_time: 4 | memory: allocated 275MB, reserved 350MB, cached 350MB 
Epoch: 5 cost time: 0.11150336265563965
Epoch: 5, Steps: 3 | Train Loss: 1.0013294 Vali Loss: 3.2130802 Test Loss: 1.7203572
EarlyStopping counter: 2 out of 6
	iters: 0, epoch: 6 | loss: 0.9722488 | cost_time: 5 | memory: allocated 275MB, reserved 350MB, cached 350MB 
Epoch: 6 cost time: 0.1103050708770752
Epoch: 6, Steps: 3 | Train Loss: 0.9277774 Vali Loss: 3.2778718 Test Loss: 1.7470758
EarlyStopping counter: 3 out of 6
	iters: 0, epoch: 7 | loss: 0.9085384 | cost_time: 4 | memory: allocated 275MB, reserved 350MB, cached 350MB 
Epoch: 7 cost time: 0.1377546787261963
Epoch: 7, Steps: 3 | Train Loss: 0.8693759 Vali Loss: 3.3539829 Test Loss: 1.7814247
EarlyStopping counter: 4 out of 6
	iters: 0, epoch: 8 | loss: 0.8561393 | cost_time: 4 | memory: allocated 275MB, reserved 350MB, cached 350MB 
Epoch: 8 cost time: 0.11599612236022949
Epoch: 8, Steps: 3 | Train Loss: 0.8271742 Vali Loss: 3.4198963 Test Loss: 1.8143038
EarlyStopping counter: 5 out of 6
	iters: 0, epoch: 9 | loss: 0.8178346 | cost_time: 4 | memory: allocated 275MB, reserved 350MB, cached 350MB 
Epoch: 9 cost time: 0.11389303207397461
Epoch: 9, Steps: 3 | Train Loss: 0.7938450 Vali Loss: 3.4581315 Test Loss: 1.8369125
EarlyStopping counter: 6 out of 6
Early stopping
>>>>>>>testing : long_term_forecast_SEMPO_CI_ftM_sl512_ll48_pl336_pl64_dm256_nh2_el3_dl3_df128_fc1_ebtimeF_dtTrue_0<<<<<<<<<<<<<<<<<<<<<<<<<<<<<<<<<
Model parameters:  6479770
test 17815
test shape: (139, 128, 336, 1) (139, 128, 336, 1)
test shape: (17792, 336, 1) (17792, 336, 1)
mse:0.8527080416679382, mae:0.627767026424408
