ip: 127.0.0.1, port: 29501, hosts: 1, rank: 0, local_rank: 0, gpus: 1
init_process_group finished
Args in experiment:
>>>>>>>start training : long_term_forecast_SEMPO_CI_ftM_sl512_ll48_pl192_pl64_dm256_nh2_el3_dl3_df128_fc1_ebtimeF_dtTrue_0>>>>>>>>>>>>>>>>>>>>>>>>>>
train 1505
val 18823
test 18823
Model parameters:  4070979
	iters: 0, epoch: 1 | loss: 1.6480826 | cost_time: 1 | memory: allocated 249MB, reserved 326MB, cached 326MB 
Epoch: 1 cost time: 0.9280920028686523
Epoch: 1, Steps: 11 | Train Loss: 1.4319590 Vali Loss: 2.8608986 Test Loss: 1.6536054
Validation loss decreased (inf --> 2.860899).  Saving model ...
	iters: 0, epoch: 2 | loss: 1.2401690 | cost_time: 6 | memory: allocated 272MB, reserved 350MB, cached 350MB 
Epoch: 2 cost time: 0.41754770278930664
Epoch: 2, Steps: 11 | Train Loss: 1.1523905 Vali Loss: 2.8173043 Test Loss: 1.6123867
Validation loss decreased (2.860899 --> 2.817304).  Saving model ...
	iters: 0, epoch: 3 | loss: 1.0834420 | cost_time: 5 | memory: allocated 272MB, reserved 350MB, cached 350MB 
Epoch: 3 cost time: 0.4769251346588135
Epoch: 3, Steps: 11 | Train Loss: 1.0215295 Vali Loss: 2.8446112 Test Loss: 1.6181290
EarlyStopping counter: 1 out of 6
	iters: 0, epoch: 4 | loss: 0.9584278 | cost_time: 5 | memory: allocated 272MB, reserved 350MB, cached 350MB 
Epoch: 4 cost time: 0.39731740951538086
Epoch: 4, Steps: 11 | Train Loss: 0.9350535 Vali Loss: 2.9064723 Test Loss: 1.6673704
EarlyStopping counter: 2 out of 6
	iters: 0, epoch: 5 | loss: 0.8889396 | cost_time: 5 | memory: allocated 272MB, reserved 350MB, cached 350MB 
Epoch: 5 cost time: 0.39705824851989746
Epoch: 5, Steps: 11 | Train Loss: 0.8711314 Vali Loss: 2.9773967 Test Loss: 1.7145740
EarlyStopping counter: 3 out of 6
	iters: 0, epoch: 6 | loss: 0.8453267 | cost_time: 5 | memory: allocated 272MB, reserved 350MB, cached 350MB 
Epoch: 6 cost time: 0.3999807834625244
Epoch: 6, Steps: 11 | Train Loss: 0.8217994 Vali Loss: 3.0155558 Test Loss: 1.7522771
EarlyStopping counter: 4 out of 6
	iters: 0, epoch: 7 | loss: 0.7976370 | cost_time: 5 | memory: allocated 272MB, reserved 350MB, cached 350MB 
Epoch: 7 cost time: 0.44420409202575684
Epoch: 7, Steps: 11 | Train Loss: 0.7813063 Vali Loss: 3.0497158 Test Loss: 1.7863176
EarlyStopping counter: 5 out of 6
	iters: 0, epoch: 8 | loss: 0.7635869 | cost_time: 5 | memory: allocated 272MB, reserved 350MB, cached 350MB 
Epoch: 8 cost time: 0.41922926902770996
Epoch: 8, Steps: 11 | Train Loss: 0.7470849 Vali Loss: 3.0732615 Test Loss: 1.8164478
EarlyStopping counter: 6 out of 6
Early stopping
>>>>>>>testing : long_term_forecast_SEMPO_CI_ftM_sl512_ll48_pl192_pl64_dm256_nh2_el3_dl3_df128_fc1_ebtimeF_dtTrue_0<<<<<<<<<<<<<<<<<<<<<<<<<<<<<<<<<
Model parameters:  6479770
test 18823
test shape: (147, 128, 192, 1) (147, 128, 192, 1)
test shape: (18816, 192, 1) (18816, 192, 1)
mse:0.8147916793823242, mae:0.6096208095550537
