ip: 127.0.0.1, port: 29501, hosts: 1, rank: 0, local_rank: 0, gpus: 1
init_process_group finished
Args in experiment:
>>>>>>>start training : long_term_forecast_SEMPO_CI_ftM_sl512_ll48_pl96_pl64_dm256_nh2_el3_dl3_df128_fc1_ebtimeF_dtTrue_0>>>>>>>>>>>>>>>>>>>>>>>>>>
train 2177
val 19495
test 19495
Model parameters:  4070979
	iters: 0, epoch: 1 | loss: 1.5788116 | cost_time: 1 | memory: allocated 249MB, reserved 326MB, cached 326MB 
Epoch: 1 cost time: 2.8765318393707275
Epoch: 1, Steps: 17 | Train Loss: 1.3786297 Vali Loss: 2.3725422 Test Loss: 1.5130024
Validation loss decreased (inf --> 2.372542).  Saving model ...
	iters: 0, epoch: 2 | loss: 1.1559970 | cost_time: 13 | memory: allocated 270MB, reserved 352MB, cached 352MB 
Epoch: 2 cost time: 0.6684074401855469
Epoch: 2, Steps: 17 | Train Loss: 1.1021556 Vali Loss: 2.1955179 Test Loss: 1.4060513
Validation loss decreased (2.372542 --> 2.195518).  Saving model ...
	iters: 0, epoch: 3 | loss: 0.9963295 | cost_time: 8 | memory: allocated 270MB, reserved 352MB, cached 352MB 
Epoch: 3 cost time: 1.0118317604064941
Epoch: 3, Steps: 17 | Train Loss: 0.9836104 Vali Loss: 2.0862827 Test Loss: 1.3422820
Validation loss decreased (2.195518 --> 2.086283).  Saving model ...
	iters: 0, epoch: 4 | loss: 0.9031923 | cost_time: 8 | memory: allocated 270MB, reserved 352MB, cached 352MB 
Epoch: 4 cost time: 1.002744197845459
Epoch: 4, Steps: 17 | Train Loss: 0.9071665 Vali Loss: 2.0048151 Test Loss: 1.2999136
Validation loss decreased (2.086283 --> 2.004815).  Saving model ...
	iters: 0, epoch: 5 | loss: 0.8374352 | cost_time: 6 | memory: allocated 270MB, reserved 352MB, cached 352MB 
Epoch: 5 cost time: 0.6819460391998291
Epoch: 5, Steps: 17 | Train Loss: 0.8474123 Vali Loss: 1.9679159 Test Loss: 1.2813406
Validation loss decreased (2.004815 --> 1.967916).  Saving model ...
	iters: 0, epoch: 6 | loss: 0.7916535 | cost_time: 5 | memory: allocated 270MB, reserved 352MB, cached 352MB 
Epoch: 6 cost time: 0.6492519378662109
Epoch: 6, Steps: 17 | Train Loss: 0.8015614 Vali Loss: 1.9575028 Test Loss: 1.2792268
Validation loss decreased (1.967916 --> 1.957503).  Saving model ...
	iters: 0, epoch: 7 | loss: 0.7484117 | cost_time: 5 | memory: allocated 270MB, reserved 352MB, cached 352MB 
Epoch: 7 cost time: 0.6534063816070557
Epoch: 7, Steps: 17 | Train Loss: 0.7625211 Vali Loss: 1.9611710 Test Loss: 1.2870236
EarlyStopping counter: 1 out of 6
	iters: 0, epoch: 8 | loss: 0.7232944 | cost_time: 5 | memory: allocated 270MB, reserved 352MB, cached 352MB 
Epoch: 8 cost time: 0.611086368560791
Epoch: 8, Steps: 17 | Train Loss: 0.7309945 Vali Loss: 1.9727125 Test Loss: 1.3006841
EarlyStopping counter: 2 out of 6
	iters: 0, epoch: 9 | loss: 0.6943560 | cost_time: 5 | memory: allocated 270MB, reserved 352MB, cached 352MB 
Epoch: 9 cost time: 0.6092677116394043
Epoch: 9, Steps: 17 | Train Loss: 0.7047476 Vali Loss: 1.9841730 Test Loss: 1.3136135
EarlyStopping counter: 3 out of 6
	iters: 0, epoch: 10 | loss: 0.6728262 | cost_time: 5 | memory: allocated 270MB, reserved 352MB, cached 352MB 
Epoch: 10 cost time: 0.6362488269805908
Epoch: 10, Steps: 17 | Train Loss: 0.6807800 Vali Loss: 1.9952931 Test Loss: 1.3287750
EarlyStopping counter: 4 out of 6
	iters: 0, epoch: 11 | loss: 0.6575650 | cost_time: 5 | memory: allocated 270MB, reserved 352MB, cached 352MB 
Epoch: 11 cost time: 0.5799560546875
Epoch: 11, Steps: 17 | Train Loss: 0.6583586 Vali Loss: 2.0098998 Test Loss: 1.3459082
EarlyStopping counter: 5 out of 6
	iters: 0, epoch: 12 | loss: 0.6357756 | cost_time: 5 | memory: allocated 270MB, reserved 352MB, cached 352MB 
Epoch: 12 cost time: 0.6109762191772461
Epoch: 12, Steps: 17 | Train Loss: 0.6381211 Vali Loss: 2.0119326 Test Loss: 1.3518848
EarlyStopping counter: 6 out of 6
Early stopping
>>>>>>>testing : long_term_forecast_SEMPO_CI_ftM_sl512_ll48_pl96_pl64_dm256_nh2_el3_dl3_df128_fc1_ebtimeF_dtTrue_0<<<<<<<<<<<<<<<<<<<<<<<<<<<<<<<<<
Model parameters:  6479770
test 19495
test shape: (152, 128, 96, 1) (152, 128, 96, 1)
test shape: (19456, 96, 1) (19456, 96, 1)
mse:0.6426894068717957, mae:0.5569249987602234
