ip: 127.0.0.1, port: 29501, hosts: 1, rank: 0, local_rank: 0, gpus: 1
init_process_group finished
Args in experiment:
>>>>>>>start training : long_term_forecast_SEMPO_icecore_ftM_sl64_ll32_pl16_pl16_dm256_nh2_el3_dl3_df128_fc1_ebtimeF_dtTrue_0>>>>>>>>>>>>>>>>>>>>>>>>>>
train 4976
val 394
test 1414
Loading pretrained model with smart filtering...
  [尺寸冲突/不存在] 丢弃: module.W_pos
  [尺寸冲突/不存在] 丢弃: module.mu_main
  [尺寸冲突/不存在] 丢弃: module.mu_res
  [尺寸冲突/不存在] 丢弃: module.revin_layer_x.affine_weight
  [尺寸冲突/不存在] 丢弃: module.revin_layer_x.affine_bias
  [尺寸冲突/不存在] 丢弃: module.projection_x.weight
  [尺寸冲突/不存在] 丢弃: module.projection_x.bias
  [尺寸冲突/不存在] 丢弃: module.patch_embed.weight
  [尺寸冲突/不存在] 丢弃: module.head.linear.weight
  [尺寸冲突/不存在] 丢弃: module.head.linear.bias
  [语义冲突] 强制丢弃领域专家: module.domain_EnMoE.gate.weight
  [语义冲突] 强制丢弃领域专家: module.domain_EnMoE.gate.bias
  [语义冲突] 强制丢弃领域专家: module.domain_EnMoE.embedding.weight
  [语义冲突] 强制丢弃领域专家: module.domain_EnMoE.transform.0.weight
  [语义冲突] 强制丢弃领域专家: module.domain_EnMoE.transform.0.bias
  [语义冲突] 强制丢弃领域专家: module.domain_EnMoE.transform.2.weight
  [语义冲突] 强制丢弃领域专家: module.domain_EnMoE.transform.2.bias
  [语义冲突] 强制丢弃领域专家: module.domain_DeMoE.gate.weight
  [语义冲突] 强制丢弃领域专家: module.domain_DeMoE.gate.bias
  [语义冲突] 强制丢弃领域专家: module.domain_DeMoE.embedding.weight
  [语义冲突] 强制丢弃领域专家: module.domain_DeMoE.transform.0.weight
  [语义冲突] 强制丢弃领域专家: module.domain_DeMoE.transform.0.bias
  [语义冲突] 强制丢弃领域专家: module.domain_DeMoE.transform.2.weight
  [语义冲突] 强制丢弃领域专家: module.domain_DeMoE.transform.2.bias
  [尺寸冲突/不存在] 丢弃: module.pretrain_heads.0.linear.weight
  [尺寸冲突/不存在] 丢弃: module.pretrain_heads.1.linear.weight
  [尺寸冲突/不存在] 丢弃: module.pretrain_heads.2.linear.weight
  [尺寸冲突/不存在] 丢弃: module.pretrain_heads.3.linear.weight
  [尺寸冲突/不存在] 丢弃: module.pretrain_heads.4.linear.weight
Successfully loaded 99 layers from pretrained backbone.
Model parameters:  2435207
	iters: 0, epoch: 1 | loss: 0.0210711 | cost_time: 1 | memory: allocated 378MB, reserved 452MB, cached 452MB 
Updating learning rate to 0.0
Epoch: 1 cost time: 2.328021764755249
Epoch: 1, Steps: 38 | Train Loss: 0.0246449 Vali Loss: 0.0246933 Test Loss: 0.0266235
Validation loss decreased (inf --> 0.024693).  Saving model ...
	iters: 0, epoch: 2 | loss: 0.0206151 | cost_time: 3 | memory: allocated 398MB, reserved 470MB, cached 470MB 
Epoch: 2 cost time: 1.8721702098846436
Epoch: 2, Steps: 38 | Train Loss: 0.0244305 Vali Loss: 0.0246587 Test Loss: 0.0266980
Validation loss decreased (0.024693 --> 0.024659).  Saving model ...
	iters: 0, epoch: 3 | loss: 0.0206726 | cost_time: 2 | memory: allocated 396MB, reserved 470MB, cached 470MB 
Epoch: 3 cost time: 1.6491601467132568
Epoch: 3, Steps: 38 | Train Loss: 0.0239959 Vali Loss: 0.0246424 Test Loss: 0.0268496
Validation loss decreased (0.024659 --> 0.024642).  Saving model ...
	iters: 0, epoch: 4 | loss: 0.0206840 | cost_time: 2 | memory: allocated 398MB, reserved 470MB, cached 470MB 
Epoch: 4 cost time: 1.6313197612762451
Epoch: 4, Steps: 38 | Train Loss: 0.0236044 Vali Loss: 0.0246654 Test Loss: 0.0269886
EarlyStopping counter: 1 out of 6
	iters: 0, epoch: 5 | loss: 0.0209994 | cost_time: 2 | memory: allocated 396MB, reserved 470MB, cached 470MB 
Epoch: 5 cost time: 1.86795973777771
Epoch: 5, Steps: 38 | Train Loss: 0.0233897 Vali Loss: 0.0246626 Test Loss: 0.0269715
EarlyStopping counter: 2 out of 6
	iters: 0, epoch: 6 | loss: 0.0209309 | cost_time: 2 | memory: allocated 398MB, reserved 470MB, cached 470MB 
Epoch: 6 cost time: 1.7204797267913818
Epoch: 6, Steps: 38 | Train Loss: 0.0233004 Vali Loss: 0.0246495 Test Loss: 0.0268997
EarlyStopping counter: 3 out of 6
	iters: 0, epoch: 7 | loss: 0.0210077 | cost_time: 2 | memory: allocated 398MB, reserved 470MB, cached 470MB 
Epoch: 7 cost time: 1.6423702239990234
Epoch: 7, Steps: 38 | Train Loss: 0.0231673 Vali Loss: 0.0246492 Test Loss: 0.0268846
EarlyStopping counter: 4 out of 6
	iters: 0, epoch: 8 | loss: 0.0211229 | cost_time: 2 | memory: allocated 396MB, reserved 470MB, cached 470MB 
Epoch: 8 cost time: 2.148871421813965
Epoch: 8, Steps: 38 | Train Loss: 0.0230223 Vali Loss: 0.0245910 Test Loss: 0.0267495
Validation loss decreased (0.024642 --> 0.024591).  Saving model ...
	iters: 0, epoch: 9 | loss: 0.0209673 | cost_time: 3 | memory: allocated 398MB, reserved 470MB, cached 470MB 
Epoch: 9 cost time: 2.075892686843872
Epoch: 9, Steps: 38 | Train Loss: 0.0229449 Vali Loss: 0.0244765 Test Loss: 0.0266128
Validation loss decreased (0.024591 --> 0.024477).  Saving model ...
	iters: 0, epoch: 10 | loss: 0.0207145 | cost_time: 2 | memory: allocated 398MB, reserved 470MB, cached 470MB 
Epoch: 10 cost time: 2.112863779067993
Epoch: 10, Steps: 38 | Train Loss: 0.0228216 Vali Loss: 0.0244906 Test Loss: 0.0266294
EarlyStopping counter: 1 out of 6
	iters: 0, epoch: 11 | loss: 0.0207354 | cost_time: 2 | memory: allocated 396MB, reserved 470MB, cached 470MB 
Epoch: 11 cost time: 2.20914626121521
Epoch: 11, Steps: 38 | Train Loss: 0.0227586 Vali Loss: 0.0243988 Test Loss: 0.0264963
Validation loss decreased (0.024477 --> 0.024399).  Saving model ...
	iters: 0, epoch: 12 | loss: 0.0206374 | cost_time: 3 | memory: allocated 398MB, reserved 470MB, cached 470MB 
Epoch: 12 cost time: 2.117887020111084
Epoch: 12, Steps: 38 | Train Loss: 0.0225799 Vali Loss: 0.0242709 Test Loss: 0.0264183
Validation loss decreased (0.024399 --> 0.024271).  Saving model ...
	iters: 0, epoch: 13 | loss: 0.0202033 | cost_time: 2 | memory: allocated 398MB, reserved 470MB, cached 470MB 
Epoch: 13 cost time: 2.079244613647461
Epoch: 13, Steps: 38 | Train Loss: 0.0226489 Vali Loss: 0.0244046 Test Loss: 0.0265842
EarlyStopping counter: 1 out of 6
	iters: 0, epoch: 14 | loss: 0.0200738 | cost_time: 2 | memory: allocated 396MB, reserved 470MB, cached 470MB 
Updating learning rate to 0.0005
Epoch: 14 cost time: 1.7431066036224365
Epoch: 14, Steps: 38 | Train Loss: 0.0223528 Vali Loss: 0.0243669 Test Loss: 0.0263212
EarlyStopping counter: 2 out of 6
	iters: 0, epoch: 15 | loss: 0.0197620 | cost_time: 2 | memory: allocated 398MB, reserved 470MB, cached 470MB 
Epoch: 15 cost time: 1.594482421875
Epoch: 15, Steps: 38 | Train Loss: 0.0222999 Vali Loss: 0.0244427 Test Loss: 0.0265727
EarlyStopping counter: 3 out of 6
	iters: 0, epoch: 16 | loss: 0.0198212 | cost_time: 2 | memory: allocated 398MB, reserved 470MB, cached 470MB 
Epoch: 16 cost time: 1.9991121292114258
Epoch: 16, Steps: 38 | Train Loss: 0.0220699 Vali Loss: 0.0241025 Test Loss: 0.0264405
Validation loss decreased (0.024271 --> 0.024102).  Saving model ...
	iters: 0, epoch: 17 | loss: 0.0200018 | cost_time: 2 | memory: allocated 398MB, reserved 470MB, cached 470MB 
Epoch: 17 cost time: 1.6808948516845703
Epoch: 17, Steps: 38 | Train Loss: 0.0218650 Vali Loss: 0.0237731 Test Loss: 0.0257815
Validation loss decreased (0.024102 --> 0.023773).  Saving model ...
	iters: 0, epoch: 18 | loss: 0.0196741 | cost_time: 2 | memory: allocated 396MB, reserved 470MB, cached 470MB 
Epoch: 18 cost time: 1.6820001602172852
Epoch: 18, Steps: 38 | Train Loss: 0.0218512 Vali Loss: 0.0239814 Test Loss: 0.0262169
EarlyStopping counter: 1 out of 6
	iters: 0, epoch: 19 | loss: 0.0197348 | cost_time: 2 | memory: allocated 398MB, reserved 470MB, cached 470MB 
Epoch: 19 cost time: 1.6256797313690186
Epoch: 19, Steps: 38 | Train Loss: 0.0217203 Vali Loss: 0.0238940 Test Loss: 0.0260777
EarlyStopping counter: 2 out of 6
	iters: 0, epoch: 20 | loss: 0.0198868 | cost_time: 2 | memory: allocated 398MB, reserved 470MB, cached 470MB 
Epoch: 20 cost time: 1.5726604461669922
Epoch: 20, Steps: 38 | Train Loss: 0.0216866 Vali Loss: 0.0234030 Test Loss: 0.0256717
Validation loss decreased (0.023773 --> 0.023403).  Saving model ...
>>>>>>>testing : long_term_forecast_SEMPO_icecore_ftM_sl64_ll32_pl16_pl16_dm256_nh2_el3_dl3_df128_fc1_ebtimeF_dtTrue_0<<<<<<<<<<<<<<<<<<<<<<<<<<<<<<<<<
Model parameters:  4818606
test 1414
> /sharedata/home/cyyang/SEMPO/exp/exp_long_term_forecasting.py(522)test()
-> preds.append(pred)
(Pdb) --KeyboardInterrupt--
(Pdb) --KeyboardInterrupt--
(Pdb) 


size mismatch for module.W_pos: copying a param with shape torch.Size([8, 256]) from checkpoint, the shape in current model is torch.Size([4, 256]).
size mismatch for module.mu_main: copying a param with shape torch.Size([4, 257]) from checkpoint, the shape in current model is torch.Size([4, 33]).
size mismatch for module.mu_res: copying a param with shape torch.Size([4, 257]) from checkpoint, the shape in current model is torch.Size([4, 33]).
size mismatch for module.projection_x.weight: copying a param with shape torch.Size([512, 512]) from checkpoint, the shape in current model is torch.Size([64, 64]).
size mismatch for module.projection_x.bias: copying a param with shape torch.Size([512]) from checkpoint, the shape in current model is torch.Size([64]).
size mismatch for module.patch_embed.weight: copying a param with shape torch.Size([256, 64]) from checkpoint, the shape in current model is torch.Size([256, 16]).
size mismatch for module.head.linear.weight: copying a param with shape torch.Size([64, 256]) from checkpoint, the shape in current model is torch.Size([16, 256]).
size mismatch for module.head.linear.bias: copying a param with shape torch.Size([64]) from checkpoint, the shape in current model is torch.Size([16]).
size mismatch for module.pretrain_heads.0.linear.weight: copying a param with shape torch.Size([1, 2048]) from checkpoint, the shape in current model is torch.Size([1, 1024]).
size mismatch for module.pretrain_heads.1.linear.weight: copying a param with shape torch.Size([96, 2048]) from checkpoint, the shape in current model is torch.Size([8, 1024]).
size mismatch for module.pretrain_heads.1.linear.bias: copying a param with shape torch.Size([96]) from checkpoint, the shape in current model is torch.Size([8]).
size mismatch for module.pretrain_heads.2.linear.weight: copying a param with shape torch.Size([192, 2048]) from checkpoint, the shape in current model is torch.Size([16, 1024]).
size mismatch for module.pretrain_heads.2.linear.bias: copying a param with shape torch.Size([192]) from checkpoint, the shape in current model is torch.Size([16]).
size mismatch for module.pretrain_heads.3.linear.weight: copying a param with shape torch.Size([336, 2048]) from checkpoint, the shape in current model is torch.Size([32, 1024]).
size mismatch for module.pretrain_heads.3.linear.bias: copying a param with shape torch.Size([336]) from checkpoint, the shape in current model is torch.Size([32]).
size mismatch for module.pretrain_heads.4.linear.weight: copying a param with shape torch.Size([720, 2048]) from checkpoint, the shape in current model is torch.Size([64, 1024]).
size mismatch for module.pretrain_heads.4.linear.bias: copying a param with shape torch.Size([720]) from checkpoint, the shape in current model is torch.Size([64]).